JetBrains dotCover Console Runner 2023.2.5. Build 777.0.20240606.115010 (macos-arm64)
Copyright (c) 2009–2024 JetBrains s.r.o. All rights reserved.
[JetBrains dotCover] Coverage session started [11/15/2024 7:33:03 PM]
  Determining projects to restore...
  All projects are up-to-date for restore.
/Users/kushagra/Desktop/CS455/15NOV/StackNServe/client/src/Shared/OrderCheckModels.cs(15,23): warning CS8618: Non-nullable property 'Message' must contain a non-null value when exiting constructor. Consider adding the 'required' modifier or declaring the property as nullable. [/Users/kushagra/Desktop/CS455/15NOV/StackNServe/client/StackNServe.csproj]
/Users/kushagra/Desktop/CS455/15NOV/StackNServe/client/src/Services/BurgerBuilderServices.razor.cs(8,23): warning CS8618: Non-nullable property 'Name' must contain a non-null value when exiting constructor. Consider adding the 'required' modifier or declaring the property as nullable. [/Users/kushagra/Desktop/CS455/15NOV/StackNServe/client/StackNServe.csproj]
/Users/kushagra/Desktop/CS455/15NOV/StackNServe/client/src/Services/BurgerBuilderServices.razor.cs(9,23): warning CS8618: Non-nullable property 'Color' must contain a non-null value when exiting constructor. Consider adding the 'required' modifier or declaring the property as nullable. [/Users/kushagra/Desktop/CS455/15NOV/StackNServe/client/StackNServe.csproj]
/Users/kushagra/Desktop/CS455/15NOV/StackNServe/client/src/Shared/OrderCheckModels.cs(5,29): warning CS8618: Non-nullable property 'UserOrderList' must contain a non-null value when exiting constructor. Consider adding the 'required' modifier or declaring the property as nullable. [/Users/kushagra/Desktop/CS455/15NOV/StackNServe/client/StackNServe.csproj]
/Users/kushagra/Desktop/CS455/15NOV/StackNServe/client/src/Shared/OrderCheckModels.cs(6,29): warning CS8618: Non-nullable property 'RequiredOrderList' must contain a non-null value when exiting constructor. Consider adding the 'required' modifier or declaring the property as nullable. [/Users/kushagra/Desktop/CS455/15NOV/StackNServe/client/StackNServe.csproj]
/Users/kushagra/Desktop/CS455/15NOV/StackNServe/client/src/Services/SelectionButtonsService.razor.cs(10,29): warning CS8618: Non-nullable event 'OnChange' must contain a non-null value when exiting constructor. Consider adding the 'required' modifier or declaring the event as nullable. [/Users/kushagra/Desktop/CS455/15NOV/StackNServe/client/StackNServe.csproj]
/Users/kushagra/Desktop/CS455/15NOV/StackNServe/client/src/Services/BurgerBuilderServices.razor.cs(15,29): warning CS8618: Non-nullable event 'OnBurgerChanged' must contain a non-null value when exiting constructor. Consider adding the 'required' modifier or declaring the event as nullable. [/Users/kushagra/Desktop/CS455/15NOV/StackNServe/client/StackNServe.csproj]
/Users/kushagra/Desktop/CS455/15NOV/StackNServe/client/src/Pages/Leaderboard.razor(53,30): warning CS8602: Dereference of a possibly null reference. [/Users/kushagra/Desktop/CS455/15NOV/StackNServe/client/StackNServe.csproj]
/Users/kushagra/Desktop/CS455/15NOV/StackNServe/client/src/Program.cs(41,30): warning CS8600: Converting null literal or possible null value to non-nullable type. [/Users/kushagra/Desktop/CS455/15NOV/StackNServe/client/StackNServe.csproj]
/Users/kushagra/Desktop/CS455/15NOV/StackNServe/client/src/Program.cs(46,30): warning CS8600: Converting null literal or possible null value to non-nullable type. [/Users/kushagra/Desktop/CS455/15NOV/StackNServe/client/StackNServe.csproj]
/Users/kushagra/Desktop/CS455/15NOV/StackNServe/client/src/Pages/Leaderboard.razor(45,23): warning CS8618: Non-nullable property 'name' must contain a non-null value when exiting constructor. Consider adding the 'required' modifier or declaring the property as nullable. [/Users/kushagra/Desktop/CS455/15NOV/StackNServe/client/StackNServe.csproj]
/Users/kushagra/Desktop/CS455/15NOV/StackNServe/client/src/Shared/Toppings_Select.razor(70,45): warning CS8622: Nullability of reference types in type of parameter 'state' of 'void Toppings_Select.CheckToppingsSelectVar(object state)' doesn't match the target delegate 'TimerCallback' (possibly because of nullability attributes). [/Users/kushagra/Desktop/CS455/15NOV/StackNServe/client/StackNServe.csproj]
/Users/kushagra/Desktop/CS455/15NOV/StackNServe/client/src/Shared/CountdownTimer.razor(25,19): warning CS8618: Non-nullable field '_timer' must contain a non-null value when exiting constructor. Consider adding the 'required' modifier or declaring the field as nullable. [/Users/kushagra/Desktop/CS455/15NOV/StackNServe/client/StackNServe.csproj]
/Users/kushagra/Desktop/CS455/15NOV/StackNServe/client/src/Shared/Order.razor(23,25): warning CS8618: Non-nullable property 'Order_List' must contain a non-null value when exiting constructor. Consider adding the 'required' modifier or declaring the property as nullable. [/Users/kushagra/Desktop/CS455/15NOV/StackNServe/client/StackNServe.csproj]
/Users/kushagra/Desktop/CS455/15NOV/StackNServe/client/src/Pages/Home.razor(116,29): warning CS8602: Dereference of a possibly null reference. [/Users/kushagra/Desktop/CS455/15NOV/StackNServe/client/StackNServe.csproj]
/Users/kushagra/Desktop/CS455/15NOV/StackNServe/client/src/Pages/Home.razor(145,13): warning CS4014: Because this call is not awaited, execution of the current method continues before the call is completed. Consider applying the 'await' operator to the result of the call. [/Users/kushagra/Desktop/CS455/15NOV/StackNServe/client/StackNServe.csproj]
/Users/kushagra/Desktop/CS455/15NOV/StackNServe/client/src/Pages/Home.razor(124,23): warning CS1998: This async method lacks 'await' operators and will run synchronously. Consider using the 'await' operator to await non-blocking API calls, or 'await Task.Run(...)' to do CPU-bound work on a background thread. [/Users/kushagra/Desktop/CS455/15NOV/StackNServe/client/StackNServe.csproj]
/Users/kushagra/Desktop/CS455/15NOV/StackNServe/client/src/Shared/Toppings_Select.razor(77,34): warning CS8600: Converting null literal or possible null value to non-nullable type. [/Users/kushagra/Desktop/CS455/15NOV/StackNServe/client/StackNServe.csproj]
/Users/kushagra/Desktop/CS455/15NOV/StackNServe/client/src/Shared/Bun_Select.razor(66,30): warning CS8600: Converting null literal or possible null value to non-nullable type. [/Users/kushagra/Desktop/CS455/15NOV/StackNServe/client/StackNServe.csproj]
/Users/kushagra/Desktop/CS455/15NOV/StackNServe/client/src/Pages/Home.razor(236,23): warning CS1998: This async method lacks 'await' operators and will run synchronously. Consider using the 'await' operator to await non-blocking API calls, or 'await Task.Run(...)' to do CPU-bound work on a background thread. [/Users/kushagra/Desktop/CS455/15NOV/StackNServe/client/StackNServe.csproj]
/Users/kushagra/Desktop/CS455/15NOV/StackNServe/client/src/Shared/Bun_Select.razor(128,28): warning CS8625: Cannot convert null literal to non-nullable reference type. [/Users/kushagra/Desktop/CS455/15NOV/StackNServe/client/StackNServe.csproj]
/Users/kushagra/Desktop/CS455/15NOV/StackNServe/client/src/Shared/Bun_Select.razor(129,27): warning CS8625: Cannot convert null literal to non-nullable reference type. [/Users/kushagra/Desktop/CS455/15NOV/StackNServe/client/StackNServe.csproj]
/Users/kushagra/Desktop/CS455/15NOV/StackNServe/client/src/Shared/Toppings_Select.razor(137,28): warning CS8625: Cannot convert null literal to non-nullable reference type. [/Users/kushagra/Desktop/CS455/15NOV/StackNServe/client/StackNServe.csproj]
/Users/kushagra/Desktop/CS455/15NOV/StackNServe/client/src/Shared/Toppings_Select.razor(138,32): warning CS8625: Cannot convert null literal to non-nullable reference type. [/Users/kushagra/Desktop/CS455/15NOV/StackNServe/client/StackNServe.csproj]
/Users/kushagra/Desktop/CS455/15NOV/StackNServe/client/src/Pages/Home.razor(261,35): warning CS1998: This async method lacks 'await' operators and will run synchronously. Consider using the 'await' operator to await non-blocking API calls, or 'await Task.Run(...)' to do CPU-bound work on a background thread. [/Users/kushagra/Desktop/CS455/15NOV/StackNServe/client/StackNServe.csproj]
/Users/kushagra/Desktop/CS455/15NOV/StackNServe/client/src/Shared/Bun_Select.razor(209,45): warning CS8622: Nullability of reference types in type of parameter 'state' of 'void Bun_Select.CheckBunSelectVar(object state)' doesn't match the target delegate 'TimerCallback' (possibly because of nullability attributes). [/Users/kushagra/Desktop/CS455/15NOV/StackNServe/client/StackNServe.csproj]
/Users/kushagra/Desktop/CS455/15NOV/StackNServe/client/src/Shared/Toppings_Select.razor(66,19): warning CS8618: Non-nullable field 'currentHoverToppings' must contain a non-null value when exiting constructor. Consider adding the 'required' modifier or declaring the field as nullable. [/Users/kushagra/Desktop/CS455/15NOV/StackNServe/client/StackNServe.csproj]
/Users/kushagra/Desktop/CS455/15NOV/StackNServe/client/src/Shared/Toppings_Select.razor(201,35): warning CS8618: Non-nullable field '_timer' must contain a non-null value when exiting constructor. Consider adding the 'required' modifier or declaring the field as nullable. [/Users/kushagra/Desktop/CS455/15NOV/StackNServe/client/StackNServe.csproj]
/Users/kushagra/Desktop/CS455/15NOV/StackNServe/client/src/Shared/Bun_Select.razor(60,19): warning CS8618: Non-nullable field 'currentHoverBun' must contain a non-null value when exiting constructor. Consider adding the 'required' modifier or declaring the field as nullable. [/Users/kushagra/Desktop/CS455/15NOV/StackNServe/client/StackNServe.csproj]
/Users/kushagra/Desktop/CS455/15NOV/StackNServe/client/src/Shared/Bun_Select.razor(205,35): warning CS8618: Non-nullable field '_timer' must contain a non-null value when exiting constructor. Consider adding the 'required' modifier or declaring the field as nullable. [/Users/kushagra/Desktop/CS455/15NOV/StackNServe/client/StackNServe.csproj]
/Users/kushagra/Desktop/CS455/15NOV/StackNServe/client/src/Pages/Home.razor(337,9): warning CS4014: Because this call is not awaited, execution of the current method continues before the call is completed. Consider applying the 'await' operator to the result of the call. [/Users/kushagra/Desktop/CS455/15NOV/StackNServe/client/StackNServe.csproj]
/Users/kushagra/Desktop/CS455/15NOV/StackNServe/client/src/Pages/Home.razor(339,9): warning CS4014: Because this call is not awaited, execution of the current method continues before the call is completed. Consider applying the 'await' operator to the result of the call. [/Users/kushagra/Desktop/CS455/15NOV/StackNServe/client/StackNServe.csproj]
/Users/kushagra/Desktop/CS455/15NOV/StackNServe/client/src/Pages/Home.razor(335,19): warning CS8602: Dereference of a possibly null reference. [/Users/kushagra/Desktop/CS455/15NOV/StackNServe/client/StackNServe.csproj]
/Users/kushagra/Desktop/CS455/15NOV/StackNServe/client/src/Pages/Home.razor(315,23): warning CS8618: Non-nullable property 'Message' must contain a non-null value when exiting constructor. Consider adding the 'required' modifier or declaring the property as nullable. [/Users/kushagra/Desktop/CS455/15NOV/StackNServe/client/StackNServe.csproj]
/Users/kushagra/Desktop/CS455/15NOV/StackNServe/client/src/Pages/Home.razor(305,29): warning CS8618: Non-nullable property 'userOrderList' must contain a non-null value when exiting constructor. Consider adding the 'required' modifier or declaring the property as nullable. [/Users/kushagra/Desktop/CS455/15NOV/StackNServe/client/StackNServe.csproj]
/Users/kushagra/Desktop/CS455/15NOV/StackNServe/client/src/Pages/Home.razor(306,29): warning CS8618: Non-nullable property 'requiredOrderList' must contain a non-null value when exiting constructor. Consider adding the 'required' modifier or declaring the property as nullable. [/Users/kushagra/Desktop/CS455/15NOV/StackNServe/client/StackNServe.csproj]
/Users/kushagra/Desktop/CS455/15NOV/StackNServe/client/src/Pages/Home.razor(255,29): warning CS8618: Non-nullable property 'Items' must contain a non-null value when exiting constructor. Consider adding the 'required' modifier or declaring the property as nullable. [/Users/kushagra/Desktop/CS455/15NOV/StackNServe/client/StackNServe.csproj]
/Users/kushagra/Desktop/CS455/15NOV/StackNServe/client/src/Shared/Patty_Select.razor(62,32): warning CS8600: Converting null literal or possible null value to non-nullable type. [/Users/kushagra/Desktop/CS455/15NOV/StackNServe/client/StackNServe.csproj]
/Users/kushagra/Desktop/CS455/15NOV/StackNServe/client/src/Shared/Patty_Select.razor(120,28): warning CS8625: Cannot convert null literal to non-nullable reference type. [/Users/kushagra/Desktop/CS455/15NOV/StackNServe/client/StackNServe.csproj]
/Users/kushagra/Desktop/CS455/15NOV/StackNServe/client/src/Shared/Patty_Select.razor(121,29): warning CS8625: Cannot convert null literal to non-nullable reference type. [/Users/kushagra/Desktop/CS455/15NOV/StackNServe/client/StackNServe.csproj]
/Users/kushagra/Desktop/CS455/15NOV/StackNServe/client/src/Shared/Patty_Select.razor(144,36): warning CS8622: Nullability of reference types in type of parameter 'state' of 'void Patty_Select.CloseMenu(object state)' doesn't match the target delegate 'TimerCallback' (possibly because of nullability attributes). [/Users/kushagra/Desktop/CS455/15NOV/StackNServe/client/StackNServe.csproj]
/Users/kushagra/Desktop/CS455/15NOV/StackNServe/client/src/Shared/Patty_Select.razor(151,26): warning CS8625: Cannot convert null literal to non-nullable reference type. [/Users/kushagra/Desktop/CS455/15NOV/StackNServe/client/StackNServe.csproj]
/Users/kushagra/Desktop/CS455/15NOV/StackNServe/client/src/Shared/Sauces_Select.razor(62,45): warning CS8622: Nullability of reference types in type of parameter 'state' of 'void Sauces_Select.CheckSaucesSelectVar(object state)' doesn't match the target delegate 'TimerCallback' (possibly because of nullability attributes). [/Users/kushagra/Desktop/CS455/15NOV/StackNServe/client/StackNServe.csproj]
/Users/kushagra/Desktop/CS455/15NOV/StackNServe/client/src/Shared/Patty_Select.razor(198,45): warning CS8622: Nullability of reference types in type of parameter 'state' of 'void Patty_Select.CheckPattySelectVar(object state)' doesn't match the target delegate 'TimerCallback' (possibly because of nullability attributes). [/Users/kushagra/Desktop/CS455/15NOV/StackNServe/client/StackNServe.csproj]
/Users/kushagra/Desktop/CS455/15NOV/StackNServe/client/src/Shared/Patty_Select.razor(55,19): warning CS8618: Non-nullable field 'currentHoverPatty' must contain a non-null value when exiting constructor. Consider adding the 'required' modifier or declaring the field as nullable. [/Users/kushagra/Desktop/CS455/15NOV/StackNServe/client/StackNServe.csproj]
/Users/kushagra/Desktop/CS455/15NOV/StackNServe/client/src/Shared/Patty_Select.razor(56,18): warning CS8618: Non-nullable field 'autoCloseTimer' must contain a non-null value when exiting constructor. Consider adding the 'required' modifier or declaring the field as nullable. [/Users/kushagra/Desktop/CS455/15NOV/StackNServe/client/StackNServe.csproj]
/Users/kushagra/Desktop/CS455/15NOV/StackNServe/client/src/Shared/Patty_Select.razor(193,35): warning CS8618: Non-nullable field '_timer' must contain a non-null value when exiting constructor. Consider adding the 'required' modifier or declaring the field as nullable. [/Users/kushagra/Desktop/CS455/15NOV/StackNServe/client/StackNServe.csproj]
/Users/kushagra/Desktop/CS455/15NOV/StackNServe/client/src/Shared/Sauces_Select.razor(69,32): warning CS8600: Converting null literal or possible null value to non-nullable type. [/Users/kushagra/Desktop/CS455/15NOV/StackNServe/client/StackNServe.csproj]
/Users/kushagra/Desktop/CS455/15NOV/StackNServe/client/src/Shared/Sauces_Select.razor(127,28): warning CS8625: Cannot convert null literal to non-nullable reference type. [/Users/kushagra/Desktop/CS455/15NOV/StackNServe/client/StackNServe.csproj]
/Users/kushagra/Desktop/CS455/15NOV/StackNServe/client/src/Shared/Sauces_Select.razor(128,30): warning CS8625: Cannot convert null literal to non-nullable reference type. [/Users/kushagra/Desktop/CS455/15NOV/StackNServe/client/StackNServe.csproj]
/Users/kushagra/Desktop/CS455/15NOV/StackNServe/client/src/Shared/Sauces_Select.razor(58,19): warning CS8618: Non-nullable field 'currentHoverSauces' must contain a non-null value when exiting constructor. Consider adding the 'required' modifier or declaring the field as nullable. [/Users/kushagra/Desktop/CS455/15NOV/StackNServe/client/StackNServe.csproj]
/Users/kushagra/Desktop/CS455/15NOV/StackNServe/client/src/Shared/Sauces_Select.razor(185,35): warning CS8618: Non-nullable field '_timer' must contain a non-null value when exiting constructor. Consider adding the 'required' modifier or declaring the field as nullable. [/Users/kushagra/Desktop/CS455/15NOV/StackNServe/client/StackNServe.csproj]
CSC : warning SA0001: XML comment analysis is disabled due to project configuration (https://github.com/DotNetAnalyzers/StyleCopAnalyzers/blob/master/documentation/SA0001.md) [/Users/kushagra/Desktop/CS455/15NOV/StackNServe/client/StackNServe.csproj]
  StackNServe -> /Users/kushagra/Desktop/CS455/15NOV/StackNServe/client/bin/Debug/net8.0/StackNServe.dll
  StackNServe (Blazor output) -> /Users/kushagra/Desktop/CS455/15NOV/StackNServe/client/bin/Debug/net8.0/wwwroot
/Users/kushagra/Desktop/CS455/15NOV/StackNServe/tests/client.Tests/GlobalImports.cs(6,14): warning CS0105: The using directive for 'StackNServe.Services' appeared previously in this namespace [/Users/kushagra/Desktop/CS455/15NOV/StackNServe/tests/client.Tests/StackNServe.Tests.csproj]
/Users/kushagra/Desktop/CS455/15NOV/StackNServe/tests/client.Tests/Shared.Tests/Bun_Select.Tests.cs(31,16): warning CS8618: Non-nullable field '_timer' must contain a non-null value when exiting constructor. Consider adding the 'required' modifier or declaring the field as nullable. [/Users/kushagra/Desktop/CS455/15NOV/StackNServe/tests/client.Tests/StackNServe.Tests.csproj]
/Users/kushagra/Desktop/CS455/15NOV/StackNServe/tests/client.Tests/Shared.Tests/Toppings_Select.Tests.cs(30,16): warning CS8618: Non-nullable field '_timer' must contain a non-null value when exiting constructor. Consider adding the 'required' modifier or declaring the field as nullable. [/Users/kushagra/Desktop/CS455/15NOV/StackNServe/tests/client.Tests/StackNServe.Tests.csproj]
/Users/kushagra/Desktop/CS455/15NOV/StackNServe/tests/client.Tests/Shared.Tests/Patty_Select.Tests.cs(30,16): warning CS8618: Non-nullable field '_timer' must contain a non-null value when exiting constructor. Consider adding the 'required' modifier or declaring the field as nullable. [/Users/kushagra/Desktop/CS455/15NOV/StackNServe/tests/client.Tests/StackNServe.Tests.csproj]
/Users/kushagra/Desktop/CS455/15NOV/StackNServe/tests/client.Tests/Shared.Tests/Sauces_Select.Tests.cs(30,16): warning CS8618: Non-nullable field '_timer' must contain a non-null value when exiting constructor. Consider adding the 'required' modifier or declaring the field as nullable. [/Users/kushagra/Desktop/CS455/15NOV/StackNServe/tests/client.Tests/StackNServe.Tests.csproj]
/Users/kushagra/Desktop/CS455/15NOV/StackNServe/tests/client.Tests/Shared.Tests/Patty_Select.Tests.cs(156,52): warning CS8625: Cannot convert null literal to non-nullable reference type. [/Users/kushagra/Desktop/CS455/15NOV/StackNServe/tests/client.Tests/StackNServe.Tests.csproj]
/Users/kushagra/Desktop/CS455/15NOV/StackNServe/tests/client.Tests/Shared.Tests/Sauces_Select.Tests.cs(151,53): warning CS8625: Cannot convert null literal to non-nullable reference type. [/Users/kushagra/Desktop/CS455/15NOV/StackNServe/tests/client.Tests/StackNServe.Tests.csproj]
/Users/kushagra/Desktop/CS455/15NOV/StackNServe/tests/client.Tests/Shared.Tests/Toppings_Select.Tests.cs(150,55): warning CS8625: Cannot convert null literal to non-nullable reference type. [/Users/kushagra/Desktop/CS455/15NOV/StackNServe/tests/client.Tests/StackNServe.Tests.csproj]
/Users/kushagra/Desktop/CS455/15NOV/StackNServe/tests/client.Tests/Shared.Tests/Patty_Select.Tests.cs(169,52): warning CS8625: Cannot convert null literal to non-nullable reference type. [/Users/kushagra/Desktop/CS455/15NOV/StackNServe/tests/client.Tests/StackNServe.Tests.csproj]
/Users/kushagra/Desktop/CS455/15NOV/StackNServe/tests/client.Tests/Shared.Tests/Sauces_Select.Tests.cs(164,53): warning CS8625: Cannot convert null literal to non-nullable reference type. [/Users/kushagra/Desktop/CS455/15NOV/StackNServe/tests/client.Tests/StackNServe.Tests.csproj]
/Users/kushagra/Desktop/CS455/15NOV/StackNServe/tests/client.Tests/Shared.Tests/Toppings_Select.Tests.cs(163,55): warning CS8625: Cannot convert null literal to non-nullable reference type. [/Users/kushagra/Desktop/CS455/15NOV/StackNServe/tests/client.Tests/StackNServe.Tests.csproj]
/Users/kushagra/Desktop/CS455/15NOV/StackNServe/tests/client.Tests/integration.Tests/HomeIntegrationTests.cs(117,27): warning CS1998: This async method lacks 'await' operators and will run synchronously. Consider using the 'await' operator to await non-blocking API calls, or 'await Task.Run(...)' to do CPU-bound work on a background thread. [/Users/kushagra/Desktop/CS455/15NOV/StackNServe/tests/client.Tests/StackNServe.Tests.csproj]
/Users/kushagra/Desktop/CS455/15NOV/StackNServe/tests/client.Tests/Shared.Tests/Bun_Select.Tests.cs(188,50): warning CS8625: Cannot convert null literal to non-nullable reference type. [/Users/kushagra/Desktop/CS455/15NOV/StackNServe/tests/client.Tests/StackNServe.Tests.csproj]
/Users/kushagra/Desktop/CS455/15NOV/StackNServe/tests/client.Tests/Shared.Tests/Bun_Select.Tests.cs(201,50): warning CS8625: Cannot convert null literal to non-nullable reference type. [/Users/kushagra/Desktop/CS455/15NOV/StackNServe/tests/client.Tests/StackNServe.Tests.csproj]
/Users/kushagra/Desktop/CS455/15NOV/StackNServe/tests/client.Tests/Pages.Tests/Home.Tests.cs(140,90): warning CS8602: Dereference of a possibly null reference. [/Users/kushagra/Desktop/CS455/15NOV/StackNServe/tests/client.Tests/StackNServe.Tests.csproj]
/Users/kushagra/Desktop/CS455/15NOV/StackNServe/tests/client.Tests/Pages.Tests/Home.Tests.cs(147,90): warning CS8602: Dereference of a possibly null reference. [/Users/kushagra/Desktop/CS455/15NOV/StackNServe/tests/client.Tests/StackNServe.Tests.csproj]
/Users/kushagra/Desktop/CS455/15NOV/StackNServe/tests/client.Tests/Pages.Tests/Home.Tests.cs(154,91): warning CS8602: Dereference of a possibly null reference. [/Users/kushagra/Desktop/CS455/15NOV/StackNServe/tests/client.Tests/StackNServe.Tests.csproj]
/Users/kushagra/Desktop/CS455/15NOV/StackNServe/tests/client.Tests/Pages.Tests/Home.Tests.cs(170,91): warning CS8602: Dereference of a possibly null reference. [/Users/kushagra/Desktop/CS455/15NOV/StackNServe/tests/client.Tests/StackNServe.Tests.csproj]
/Users/kushagra/Desktop/CS455/15NOV/StackNServe/tests/client.Tests/Pages.Tests/Home.Tests.cs(189,90): warning CS8602: Dereference of a possibly null reference. [/Users/kushagra/Desktop/CS455/15NOV/StackNServe/tests/client.Tests/StackNServe.Tests.csproj]
/Users/kushagra/Desktop/CS455/15NOV/StackNServe/tests/client.Tests/Pages.Tests/Home.Tests.cs(207,90): warning CS8602: Dereference of a possibly null reference. [/Users/kushagra/Desktop/CS455/15NOV/StackNServe/tests/client.Tests/StackNServe.Tests.csproj]
/Users/kushagra/Desktop/CS455/15NOV/StackNServe/tests/client.Tests/Pages.Tests/Home.Tests.cs(226,91): warning CS8602: Dereference of a possibly null reference. [/Users/kushagra/Desktop/CS455/15NOV/StackNServe/tests/client.Tests/StackNServe.Tests.csproj]
/Users/kushagra/Desktop/CS455/15NOV/StackNServe/tests/client.Tests/Pages.Tests/Home.Tests.cs(253,90): warning CS8602: Dereference of a possibly null reference. [/Users/kushagra/Desktop/CS455/15NOV/StackNServe/tests/client.Tests/StackNServe.Tests.csproj]
/Users/kushagra/Desktop/CS455/15NOV/StackNServe/tests/client.Tests/Pages.Tests/Home.Tests.cs(262,90): warning CS8602: Dereference of a possibly null reference. [/Users/kushagra/Desktop/CS455/15NOV/StackNServe/tests/client.Tests/StackNServe.Tests.csproj]
/Users/kushagra/Desktop/CS455/15NOV/StackNServe/tests/client.Tests/Pages.Tests/Home.Tests.cs(271,91): warning CS8602: Dereference of a possibly null reference. [/Users/kushagra/Desktop/CS455/15NOV/StackNServe/tests/client.Tests/StackNServe.Tests.csproj]
/Users/kushagra/Desktop/CS455/15NOV/StackNServe/tests/client.Tests/Pages.Tests/Home.Tests.cs(300,90): warning CS8602: Dereference of a possibly null reference. [/Users/kushagra/Desktop/CS455/15NOV/StackNServe/tests/client.Tests/StackNServe.Tests.csproj]
/Users/kushagra/Desktop/CS455/15NOV/StackNServe/tests/client.Tests/Pages.Tests/Home.Tests.cs(309,90): warning CS8602: Dereference of a possibly null reference. [/Users/kushagra/Desktop/CS455/15NOV/StackNServe/tests/client.Tests/StackNServe.Tests.csproj]
/Users/kushagra/Desktop/CS455/15NOV/StackNServe/tests/client.Tests/Pages.Tests/Home.Tests.cs(318,91): warning CS8602: Dereference of a possibly null reference. [/Users/kushagra/Desktop/CS455/15NOV/StackNServe/tests/client.Tests/StackNServe.Tests.csproj]
/Users/kushagra/Desktop/CS455/15NOV/StackNServe/tests/client.Tests/Pages.Tests/Home.Tests.cs(327,91): warning CS8602: Dereference of a possibly null reference. [/Users/kushagra/Desktop/CS455/15NOV/StackNServe/tests/client.Tests/StackNServe.Tests.csproj]
/Users/kushagra/Desktop/CS455/15NOV/StackNServe/tests/client.Tests/Pages.Tests/Home.Tests.cs(341,27): warning CS1998: This async method lacks 'await' operators and will run synchronously. Consider using the 'await' operator to await non-blocking API calls, or 'await Task.Run(...)' to do CPU-bound work on a background thread. [/Users/kushagra/Desktop/CS455/15NOV/StackNServe/tests/client.Tests/StackNServe.Tests.csproj]
/Users/kushagra/Desktop/CS455/15NOV/StackNServe/tests/client.Tests/Pages.Tests/Home.Tests.cs(371,25): warning CS8602: Dereference of a possibly null reference. [/Users/kushagra/Desktop/CS455/15NOV/StackNServe/tests/client.Tests/StackNServe.Tests.csproj]
/Users/kushagra/Desktop/CS455/15NOV/StackNServe/tests/client.Tests/Shared.Tests/Bun_Select.Tests.cs(28,23): warning CS0169: The field 'BunSelectComponentTests._timer' is never used [/Users/kushagra/Desktop/CS455/15NOV/StackNServe/tests/client.Tests/StackNServe.Tests.csproj]
/Users/kushagra/Desktop/CS455/15NOV/StackNServe/tests/client.Tests/Shared.Tests/Toppings_Select.Tests.cs(27,23): warning CS0169: The field 'ToppingsSelectComponentTests._timer' is never used [/Users/kushagra/Desktop/CS455/15NOV/StackNServe/tests/client.Tests/StackNServe.Tests.csproj]
/Users/kushagra/Desktop/CS455/15NOV/StackNServe/tests/client.Tests/Shared.Tests/Sauces_Select.Tests.cs(27,23): warning CS0169: The field 'SaucesSelectComponentTests._timer' is never used [/Users/kushagra/Desktop/CS455/15NOV/StackNServe/tests/client.Tests/StackNServe.Tests.csproj]
/Users/kushagra/Desktop/CS455/15NOV/StackNServe/tests/client.Tests/Shared.Tests/Patty_Select.Tests.cs(27,23): warning CS0169: The field 'PattySelectComponentTests._timer' is never used [/Users/kushagra/Desktop/CS455/15NOV/StackNServe/tests/client.Tests/StackNServe.Tests.csproj]
/Users/kushagra/Desktop/CS455/15NOV/StackNServe/tests/client.Tests/Pages.Tests/Player_Guide.Tests.cs(40,21): warning xUnit1013: Public method 'PlayerGuidePage_HeadingContentIsCorrect' on test class 'PlayerGuideTests' should be marked as a Fact. Reduce the visibility of the method, or add a Fact attribute to the method. (https://xunit.net/xunit.analyzers/rules/xUnit1013) [/Users/kushagra/Desktop/CS455/15NOV/StackNServe/tests/client.Tests/StackNServe.Tests.csproj]
/Users/kushagra/Desktop/CS455/15NOV/StackNServe/tests/client.Tests/integration.Tests/HomeIntegrationTests.cs(127,17): warning xUnit2004: Do not use Assert.Equal() to check for boolean conditions. Use Assert.True instead. (https://xunit.net/xunit.analyzers/rules/xUnit2004) [/Users/kushagra/Desktop/CS455/15NOV/StackNServe/tests/client.Tests/StackNServe.Tests.csproj]
/Users/kushagra/Desktop/CS455/15NOV/StackNServe/tests/client.Tests/integration.Tests/HomeIntegrationTests.cs(128,17): warning xUnit2004: Do not use Assert.Equal() to check for boolean conditions. Use Assert.False instead. (https://xunit.net/xunit.analyzers/rules/xUnit2004) [/Users/kushagra/Desktop/CS455/15NOV/StackNServe/tests/client.Tests/StackNServe.Tests.csproj]
  StackNServe.Tests -> /Users/kushagra/Desktop/CS455/15NOV/StackNServe/tests/client.Tests/bin/Debug/net8.0/StackNServe.Tests.dll
Test run for /Users/kushagra/Desktop/CS455/15NOV/StackNServe/tests/client.Tests/bin/Debug/net8.0/StackNServe.Tests.dll (.NETCoreApp,Version=v8.0)
VSTest version 17.11.0 (arm64)

Starting test execution, please wait...
A total of 1 test files matched the specified pattern.

Passed!  - Failed:     0, Passed:   102, Skipped:     0, Total:   102, Duration: 12 s - StackNServe.Tests.dll (net8.0)
[JetBrains dotCover] Coverage session finished [11/15/2024 7:33:33 PM]
[JetBrains dotCover] Coverage session finished with errors: The Method has no associated IL. (0x80131354)
Details: Can't get function body: CORPROF_E_FUNCTION_NOT_IL The Method has no associated IL. (hresult_error:80131354)
[location] = /opt/buildAgent/work/2e75360fa9824876/Profiler/Native/Solution/core/src/IL/Var/var_instrumenter.cpp(1430)
[function] = bool jbprof::var_instrumenter::inject(const FunctionID)
[token] = 060000F9, MethodDef
[type name] = Bunit.Rendering.TestRenderer
[method name] = GetIsBatchInProgressField
[module name] = /Users/kushagra/Desktop/CS455/15NOV/StackNServe/tests/client.Tests/bin/Debug/net8.0/Bunit.Core.dll. 
